// Jest Snapshot v1, https://goo.gl/fbAQLP

exports[`a pagina de configuracao deve ser renderizada corretamente 1`] = `
<div>
  <div
    class="card"
  >
    <section>
      <h2>
        Vamos começar!
      </h2>
      <form>
        <div
          class="grupo-input-btn"
        >
          <input
            placeholder="Insira os nomes dos participantes"
            type="text"
            value=""
          />
          <button
            disabled=""
          >
            Adicionar
          </button>
        </div>
        <p
          role="alert"
        />
      </form>
      <ul />
      <footer
        class="rodape-configuracoes"
      >
        <button
          class="botao"
          disabled=""
        >
          Iniciar brincadeira
        </button>
      </footer>
    </section>
  </div>
</div>
`;

exports[`a pagina de sorteio deve ser renderizada corretamente 1`] = `
<div>
  <div
    class="card"
  >
    <section>
      <h2>
        Vamos começar!
      </h2>
      <form>
        <div
          class="grupo-input-btn"
        >
          <input
            placeholder="Insira os nomes dos participantes"
            type="text"
            value=""
          />
          <button
            disabled=""
          >
            Adicionar
          </button>
        </div>
        <p
          role="alert"
        />
      </form>
      <ul />
      <footer
        class="rodape-configuracoes"
      >
        <button
          class="botao"
          disabled=""
        >
          Iniciar brincadeira
        </button>
      </footer>
    </section>
  </div>
</div>
`;

exports[`a pagina de sorteio todos os participantes podem exibir o seu amigo secreto 1`] = `
<div>
  <div
    class="card"
  >
    <section>
      <h2>
        Vamos começar!
      </h2>
      <form>
        <div
          class="grupo-input-btn"
        >
          <input
            placeholder="Insira os nomes dos participantes"
            type="text"
            value=""
          />
          <button
            disabled=""
          >
            Adicionar
          </button>
        </div>
        <p
          role="alert"
        />
      </form>
      <ul />
      <footer
        class="rodape-configuracoes"
      >
        <button
          class="botao"
          disabled=""
        >
          Iniciar brincadeira
        </button>
      </footer>
    </section>
  </div>
</div>
`;
